Using launch settings from C:\Users\Admin\Desktop\HotelManager_TTCS\HotelManager.Presentation\Properties\launchSettings.json...
Building...
C:\Users\Admin\Desktop\HotelManager_TTCS\HotelManager.Domain\Entity\Accounts\Account.cs(11,19): warning CS8618: Non-nullable property 'Username' must contain a non-null value when exiting constructor. Consider adding the 'required' modifier or declaring the property as nullable. [C:\Users\Admin\Desktop\HotelManager_TTCS\HotelManager.Domain\HotelManager.Domain.csproj]
C:\Users\Admin\Desktop\HotelManager_TTCS\HotelManager.Domain\Entity\Accounts\Account.cs(11,19): warning CS8618: Non-nullable property 'PasswordHash' must contain a non-null value when exiting constructor. Consider adding the 'required' modifier or declaring the property as nullable. [C:\Users\Admin\Desktop\HotelManager_TTCS\HotelManager.Domain\HotelManager.Domain.csproj]
C:\Users\Admin\Desktop\HotelManager_TTCS\HotelManager.Domain\Entity\Users\User.cs(9,19): warning CS8618: Non-nullable property 'Account' must contain a non-null value when exiting constructor. Consider adding the 'required' modifier or declaring the property as nullable. [C:\Users\Admin\Desktop\HotelManager_TTCS\HotelManager.Domain\HotelManager.Domain.csproj]
C:\Users\Admin\Desktop\HotelManager_TTCS\HotelManager.Domain\Entity\Ratings\Rating.cs(8,19): warning CS8618: Non-nullable property 'Review' must contain a non-null value when exiting constructor. Consider adding the 'required' modifier or declaring the property as nullable. [C:\Users\Admin\Desktop\HotelManager_TTCS\HotelManager.Domain\HotelManager.Domain.csproj]
C:\Users\Admin\Desktop\HotelManager_TTCS\HotelManager.Domain\Entity\Ratings\Rating.cs(8,19): warning CS8618: Non-nullable property 'Booking' must contain a non-null value when exiting constructor. Consider adding the 'required' modifier or declaring the property as nullable. [C:\Users\Admin\Desktop\HotelManager_TTCS\HotelManager.Domain\HotelManager.Domain.csproj]
C:\Users\Admin\Desktop\HotelManager_TTCS\HotelManager.Domain\Entity\RoomImages\RoomImage.cs(13,19): warning CS8618: Non-nullable property 'ImageUrl' must contain a non-null value when exiting constructor. Consider adding the 'required' modifier or declaring the property as nullable. [C:\Users\Admin\Desktop\HotelManager_TTCS\HotelManager.Domain\HotelManager.Domain.csproj]
C:\Users\Admin\Desktop\HotelManager_TTCS\HotelManager.Domain\Entity\RoomImages\RoomImage.cs(13,19): warning CS8618: Non-nullable property 'Room' must contain a non-null value when exiting constructor. Consider adding the 'required' modifier or declaring the property as nullable. [C:\Users\Admin\Desktop\HotelManager_TTCS\HotelManager.Domain\HotelManager.Domain.csproj]
C:\Users\Admin\Desktop\HotelManager_TTCS\HotelManager.Domain\Entity\Notifications\Notification.cs(8,19): warning CS8618: Non-nullable property 'Content' must contain a non-null value when exiting constructor. Consider adding the 'required' modifier or declaring the property as nullable. [C:\Users\Admin\Desktop\HotelManager_TTCS\HotelManager.Domain\HotelManager.Domain.csproj]
C:\Users\Admin\Desktop\HotelManager_TTCS\HotelManager.Domain\Entity\Bookings\Booking.cs(12,19): warning CS8618: Non-nullable property 'Account' must contain a non-null value when exiting constructor. Consider adding the 'required' modifier or declaring the property as nullable. [C:\Users\Admin\Desktop\HotelManager_TTCS\HotelManager.Domain\HotelManager.Domain.csproj]
C:\Users\Admin\Desktop\HotelManager_TTCS\HotelManager.Domain\Entity\Services\Service.cs(9,19): warning CS8618: Non-nullable property 'Name' must contain a non-null value when exiting constructor. Consider adding the 'required' modifier or declaring the property as nullable. [C:\Users\Admin\Desktop\HotelManager_TTCS\HotelManager.Domain\HotelManager.Domain.csproj]
C:\Users\Admin\Desktop\HotelManager_TTCS\HotelManager.Domain\Entity\Services\Service.cs(9,19): warning CS8618: Non-nullable property 'Unit' must contain a non-null value when exiting constructor. Consider adding the 'required' modifier or declaring the property as nullable. [C:\Users\Admin\Desktop\HotelManager_TTCS\HotelManager.Domain\HotelManager.Domain.csproj]
C:\Users\Admin\Desktop\HotelManager_TTCS\HotelManager.Domain\Entity\Users\User.cs(20,16): warning CS8618: Non-nullable property 'Account' must contain a non-null value when exiting constructor. Consider adding the 'required' modifier or declaring the property as nullable. [C:\Users\Admin\Desktop\HotelManager_TTCS\HotelManager.Domain\HotelManager.Domain.csproj]
C:\Users\Admin\Desktop\HotelManager_TTCS\HotelManager.Domain\Entity\Accounts\Account.cs(18,16): warning CS8618: Non-nullable property 'PasswordHash' must contain a non-null value when exiting constructor. Consider adding the 'required' modifier or declaring the property as nullable. [C:\Users\Admin\Desktop\HotelManager_TTCS\HotelManager.Domain\HotelManager.Domain.csproj]
C:\Users\Admin\Desktop\HotelManager_TTCS\HotelManager.Domain\Entity\UserNotifications\UserNotification.cs(9,19): warning CS8618: Non-nullable property 'Account' must contain a non-null value when exiting constructor. Consider adding the 'required' modifier or declaring the property as nullable. [C:\Users\Admin\Desktop\HotelManager_TTCS\HotelManager.Domain\HotelManager.Domain.csproj]
C:\Users\Admin\Desktop\HotelManager_TTCS\HotelManager.Domain\Entity\UserNotifications\UserNotification.cs(9,19): warning CS8618: Non-nullable property 'Notification' must contain a non-null value when exiting constructor. Consider adding the 'required' modifier or declaring the property as nullable. [C:\Users\Admin\Desktop\HotelManager_TTCS\HotelManager.Domain\HotelManager.Domain.csproj]
C:\Users\Admin\Desktop\HotelManager_TTCS\HotelManager.Domain\Entity\UserNotifications\UserNotification.cs(18,16): warning CS8618: Non-nullable property 'Account' must contain a non-null value when exiting constructor. Consider adding the 'required' modifier or declaring the property as nullable. [C:\Users\Admin\Desktop\HotelManager_TTCS\HotelManager.Domain\HotelManager.Domain.csproj]
C:\Users\Admin\Desktop\HotelManager_TTCS\HotelManager.Domain\Entity\UserNotifications\UserNotification.cs(18,16): warning CS8618: Non-nullable property 'Notification' must contain a non-null value when exiting constructor. Consider adding the 'required' modifier or declaring the property as nullable. [C:\Users\Admin\Desktop\HotelManager_TTCS\HotelManager.Domain\HotelManager.Domain.csproj]
C:\Users\Admin\Desktop\HotelManager_TTCS\HotelManager.Domain\Entity\Rooms\Room.cs(10,19): warning CS8618: Non-nullable property 'Name' must contain a non-null value when exiting constructor. Consider adding the 'required' modifier or declaring the property as nullable. [C:\Users\Admin\Desktop\HotelManager_TTCS\HotelManager.Domain\HotelManager.Domain.csproj]
C:\Users\Admin\Desktop\HotelManager_TTCS\HotelManager.Domain\Entity\Rooms\Room.cs(10,19): warning CS8618: Non-nullable property 'Description' must contain a non-null value when exiting constructor. Consider adding the 'required' modifier or declaring the property as nullable. [C:\Users\Admin\Desktop\HotelManager_TTCS\HotelManager.Domain\HotelManager.Domain.csproj]
C:\Users\Admin\Desktop\HotelManager_TTCS\HotelManager.Domain\Entity\Bookings\Booking.cs(37,24): warning CS8604: Possible null reference argument for parameter 'newNote' in 'void Booking.ChangeNote(string newNote)'. [C:\Users\Admin\Desktop\HotelManager_TTCS\HotelManager.Domain\HotelManager.Domain.csproj]
C:\Users\Admin\Desktop\HotelManager_TTCS\HotelManager.Domain\Entity\Bookings\Booking.cs(32,16): warning CS8618: Non-nullable property 'Account' must contain a non-null value when exiting constructor. Consider adding the 'required' modifier or declaring the property as nullable. [C:\Users\Admin\Desktop\HotelManager_TTCS\HotelManager.Domain\HotelManager.Domain.csproj]
C:\Users\Admin\Desktop\HotelManager_TTCS\HotelManager.Domain\Entity\Rooms\Room.cs(25,16): warning CS8618: Non-nullable property 'Name' must contain a non-null value when exiting constructor. Consider adding the 'required' modifier or declaring the property as nullable. [C:\Users\Admin\Desktop\HotelManager_TTCS\HotelManager.Domain\HotelManager.Domain.csproj]
C:\Users\Admin\Desktop\HotelManager_TTCS\HotelManager.Domain\Entity\Rooms\Room.cs(25,16): warning CS8618: Non-nullable property 'Description' must contain a non-null value when exiting constructor. Consider adding the 'required' modifier or declaring the property as nullable. [C:\Users\Admin\Desktop\HotelManager_TTCS\HotelManager.Domain\HotelManager.Domain.csproj]
C:\Users\Admin\Desktop\HotelManager_TTCS\HotelManager.Presentation\Program.cs(49,92): warning CS8604: Possible null reference argument for parameter 's' in 'byte[] Encoding.GetBytes(string s)'. [C:\Users\Admin\Desktop\HotelManager_TTCS\HotelManager.Presentation\HotelManager.Presentation.csproj]
info: Microsoft.Hosting.Lifetime[14]
      Now listening on: http://localhost:5135
info: Microsoft.Hosting.Lifetime[0]
      Application started. Press Ctrl+C to shut down.
info: Microsoft.Hosting.Lifetime[0]
      Hosting environment: Development
info: Microsoft.Hosting.Lifetime[0]
      Content root path: C:\Users\Admin\Desktop\HotelManager_TTCS\HotelManager.Presentation
